frontend/src/App.jsx 62ms
frontend/src/components/Cart.jsx 18ms
frontend/src/components/DemoPayment.jsx 26ms
frontend/src/components/EmptyState.jsx 5ms
frontend/src/components/Footer.jsx 10ms
frontend/src/components/Loading.jsx 7ms
frontend/src/components/Navbar.jsx 11ms
frontend/src/components/ProductCard.jsx 11ms
frontend/src/components/ProductModal.jsx 22ms
frontend/src/components/ProtectedRoute.jsx 3ms
frontend/src/components/Sidebar.jsx 15ms
frontend/src/context/AuthContext.jsx 9ms
frontend/src/context/CartContext.jsx 36ms
frontend/src/main.jsx 7ms
frontend/src/pages/About.jsx 7ms
frontend/src/pages/admin/Categories.jsx 1ms
frontend/src/pages/admin/Customers.jsx 1ms
frontend/src/pages/admin/Dashboard.jsx 11ms
frontend/src/pages/admin/Inventory.jsx 1ms
frontend/src/pages/admin/Manage.jsx 73ms
frontend/src/pages/admin/Orders.jsx 16ms
frontend/src/pages/admin/POS.jsx 25ms
frontend/src/pages/admin/Products.jsx 1ms
frontend/src/pages/admin/Reports.jsx 22ms
frontend/src/pages/admin/Sales.jsx 1ms
frontend/src/pages/admin/Settings.jsx 4ms
frontend/src/pages/admin/Users.jsx 1ms
frontend/src/pages/Cart.jsx 10ms
frontend/src/pages/Checkout.jsx 17ms
frontend/src/pages/Contact.jsx 2ms
frontend/src/pages/Home.jsx 12ms
frontend/src/pages/Login.jsx 8ms
frontend/src/pages/Menu.jsx 8ms
frontend/src/pages/MyOrders.jsx 11ms
frontend/src/pages/NotFound.jsx 1ms
frontend/src/pages/ProductDetails.jsx 3ms
frontend/src/pages/Profile.jsx 22ms
frontend/src/pages/Promotions.jsx 5ms
frontend/src/pages/Register.jsx 1ms
frontend/src/pages/Unauthorized.jsx 1ms
frontend/src/services/api.js 4ms
frontend/src/styles.css 429ms
frontend/src/utils/currency.js 10ms
frontend/tests/browser.mjs 20ms
backend/app.js 14ms
backend/config/database.js 2ms
backend/controllers/authController.js 14ms
backend/controllers/inventoryController.js 11ms
backend/controllers/orderController.js 5ms
backend/controllers/paymentController.js 9ms
backend/controllers/productController.js 6ms
backend/demo.js 7ms
backend/middleware/authMiddleware.js 5ms
backend/middleware/errorMiddleware.js 3ms
backend/middleware/roleMiddleware.js 2ms
backend/models/AuditLog.js 1ms
backend/models/Cart.js 1ms
backend/models/Category.js 1ms
backend/models/CustomerProfile.js 1ms
backend/models/DemoOTPSession.js 1ms
backend/models/index.js 21ms
backend/models/Ingredient.js 1ms
backend/models/InventoryTransaction.js 1ms
backend/models/Order.js 1ms
backend/models/Payment.js 1ms
backend/models/Product.js 1ms
backend/models/ProductAddon.js 1ms
backend/models/ProductCustomization.js 1ms
backend/models/ProductRecipe.js 1ms
backend/models/Promotion.js 1ms
backend/models/Receipt.js 1ms
backend/models/Role.js 1ms
backend/models/Sale.js 1ms
backend/models/User.js 1ms
backend/routes/authRoutes.js 4ms
backend/routes/categoryRoutes.js 7ms
backend/routes/extraRoutes.js 10ms
backend/routes/inventoryRoutes.js 2ms
backend/routes/orderRoutes.js 5ms
backend/routes/paymentRoutes.js 2ms
backend/routes/productRoutes.js 6ms
backend/routes/reportRoutes.js 2ms
backend/routes/userRoutes.js 6ms
backend/seed/seedDatabase.js 12ms
backend/server.js 2ms
backend/services/orderService.js 27ms
backend/services/reportService.js 12ms
backend/tests/api.test.js 93ms
backend/utils/jwt.js 3ms
backend/utils/password.js 1ms
backend/utils/validators.js 27ms
frontend/index.html 25ms
frontend/package-lock.json 40ms (unchanged)
frontend/package.json 1ms (unchanged)
frontend/vercel.json 2ms
frontend/vite.config.js 2ms
backend/package.json 1ms (unchanged)
package.json 1ms
